// Jest Snapshot v1, https://goo.gl/fbAQLP

exports[`Testing CounterApp Component Must show <CounterApp /> correctly 1`] = `
<Fragment>
  <h1>
    Counter App
  </h1>
  <hr />
  <div
    className="row"
  >
    <h2>
       
      0
       
    </h2>
    <button
      className="btn"
      id="addButton"
      onClick={[Function]}
    >
      +
    </button>
    <button
      className="btn"
      onClick={[Function]}
    >
      -
    </button>
    <button
      className="btn"
      onClick={[Function]}
    >
      Reset
    </button>
  </div>
</Fragment>
`;
